[dotenv@17.3.1] injecting env (28) from .env.local -- tip: ΓÜÖ∩╕Å  write to custom object with { processEnv: myObject }
=== BFS AR Message Verification ===

[BFS-DEBUG] Source string field order: [
  'bfs_benfBankCode',
  'bfs_benfId',
  'bfs_benfTxnTime',
  'bfs_msgType',
  'bfs_orderNo',
  'bfs_paymentDesc',
  'bfs_remitterEmail',
  'bfs_txnAmount',
  'bfs_txnCurrency',
  'bfs_version'
]
[BFS-DEBUG] Source string values: [
  '',
  '',
  '20260318211547',
  'AR',
  'ORDER123456',
  'ProductPayment',
  'test@gmail.com',
  '1.00',
  'BTN',
  '1.0'
]
[BFS-DEBUG] Source string: ||20260318211547|AR|ORDER123456|ProductPayment|test@gmail.com|1.00|BTN|1.0
[BFS] Normalized key (length 612):
[BFS] Start: [-----BEGIN PRIVATE KEY-----\nMI]
[BFS] End:   [LL4tkywzrmD4mDBVww3ICCw/6Jm4jb]
[BFS] Normalized key (length 649):
[BFS] Start: [xcifXpgzAdsdMVth5taLT+pFkXdaTE]
[BFS] End:   [J6rOnnObiG75XUqv8N5af1IjTjesSR]
[BFS] Normalized key (length 440):
[BFS] Start: [eauQ+YndaU0GSGJoW4znInWhzq4FgT]
[BFS] End:   [zdxG\n-----END PRIVATE KEY-----]
[BFS] Normalized key (length 1701):
[BFS] Start: [-----BEGIN PRIVATE KEY-----\nMI]
[BFS] End:   [zdxG\n-----END PRIVATE KEY-----]
[BFS] Loaded private key from environment variable (single or split)
[BFS] Private key length: 1701, starts with: -----BEGIN PRIVATE K..., ends with: ...END PRIVATE KEY-----
[BFS] === AR Message Payload ===
[BFS]   bfs_msgType = AR
[BFS]   bfs_benfTxnTime = 20260318211547
[BFS]   bfs_orderNo = ORDER123456
[BFS]   bfs_benfId = 
[BFS]   bfs_benfBankCode = 
[BFS]   bfs_txnCurrency = BTN
[BFS]   bfs_txnAmount = 1.00
[BFS]   bfs_remitterEmail = test@gmail.com
[BFS]   bfs_paymentDesc = ProductPayment
[BFS]   bfs_version = 1.0
[BFS]   bfs_checkSum = 9F71C9490177095F770D7AE4493EEBC1303AA6C5F8C66CC127D8AA7AF1CE47B881854A5279EFC2DA12F04AE741CFB4C96BDBF97C177F6A151F95BE07766D8C54F38EBFD73FAB9A2633ED64E4CE1BB059C7654F658A2A0728B37A9AA95B477D0898597D54D1A191FFDB66C3E643442B2363FC628F3223C98CF8DB6AA7371E529012F0515843AB722CBC8666B4D0077B88D166E52A86568CDD51250CC2F612971E4E5EE78460711A4B1D7CB93D355294D9EAA30D6E3475931F0358A8BE19718003885C79982C5D9387C49DB7D0B18532831EB5AE3C4DE7687992F0F46EEC96F341262C70246759C2C761221420C00A29548CE0BA5AE795DE8DB27D10FE0BDFE381
[BFS] === End Payload ===

=== Expected Form Structure ===
Payment URL: https://sit.bfs.com/BFSSecure/PaymentRequest

Fields:
  <input name="bfs_msgType" value="AR" />
  <input name="bfs_benfTxnTime" value="20260318211547" />
  <input name="bfs_orderNo" value="ORDER123456" />
  <input name="bfs_benfId" value="" />
  <input name="bfs_benfBankCode" value="" />
  <input name="bfs_txnCurrency" value="BTN" />
  <input name="bfs_txnAmount" value="1.00" />
  <input name="bfs_remitterEmail" value="test@gmail.com" />
  <input name="bfs_paymentDesc" value="ProductPayment" />
  <input name="bfs_version" value="1.0" />
  <input name="bfs_checkSum" value="9F71C9490177095F770D7AE4493EEBC1303AA6C5F8C66CC127D8AA7AF1CE47B881854A5279EFC2DA12F04AE741CFB4C96BDBF97C177F6A151F95BE07766D8C54F38EBFD73FAB9A2633ED64E4CE1BB059C7654F658A2A0728B37A9AA95B477D0898597D54D1A191FFDB66C3E643442B2363FC628F3223C98CF8DB6AA7371E529012F0515843AB722CBC8666B4D0077B88D166E52A86568CDD51250CC2F612971E4E5EE78460711A4B1D7CB93D355294D9EAA30D6E3475931F0358A8BE19718003885C79982C5D9387C49DB7D0B18532831EB5AE3C4DE7687992F0F46EEC96F341262C70246759C2C761221420C00A29548CE0BA5AE795DE8DB27D10FE0BDFE381" />

=== Verification Checklist ===
Γ£à bfs_msgType = AR: true
Γ£à bfs_benfId = BE10000281: false
Γ£à bfs_benfBankCode = 01: false
Γ£à bfs_txnCurrency = BTN: true
Γ£à bfs_txnAmount = 1.00: true
Γ£à bfs_version = 1.0: true
Γ£à bfs_checkSum present: true
Γ£à bfs_benfTxnTime format (14 digits): true
Γ£à Source string excludes returnUrl: true
Γ£à Checksum is hex uppercase: true

Sample Checksum generated:
9F71C9490177095F770D7AE4493EEBC1303AA6C5F8C66CC127D8AA7AF1CE47B881854A5279EFC2DA12F04AE741CFB4C96BDBF97C177F6A151F95BE07766D8C54F38EBFD73FAB9A2633ED64E4CE1BB059C7654F658A2A0728B37A9AA95B477D0898597D54D1A191FFDB66C3E643442B2363FC628F3223C98CF8DB6AA7371E529012F0515843AB722CBC8666B4D0077B88D166E52A86568CDD51250CC2F612971E4E5EE78460711A4B1D7CB93D355294D9EAA30D6E3475931F0358A8BE19718003885C79982C5D9387C49DB7D0B18532831EB5AE3C4DE7687992F0F46EEC96F341262C70246759C2C761221420C00A29548CE0BA5AE795DE8DB27D10FE0BDFE381
